  Determining projects to restore...
C:\Users\admin\OneDrive\Desktop\product\Inventory-Status-Report\inventory.csproj : warning NU1902: Package 'Azure.Identity' 1.10.3 has a known moderate severity vulnerability, https://github.com/advisories/GHSA-m5vv-6r4h-3vj9 [C:\Users\admin\OneDrive\Desktop\product\Inventory-Status-Report\inventory.sln]
C:\Users\admin\OneDrive\Desktop\product\Inventory-Status-Report\inventory.csproj : warning NU1902: Package 'Azure.Identity' 1.10.3 has a known moderate severity vulnerability, https://github.com/advisories/GHSA-wvxc-855f-jvrv [C:\Users\admin\OneDrive\Desktop\product\Inventory-Status-Report\inventory.sln]
C:\Users\admin\OneDrive\Desktop\product\Inventory-Status-Report\inventory.csproj : warning NU1902: Package 'Microsoft.Identity.Client' 4.56.0 has a known moderate severity vulnerability, https://github.com/advisories/GHSA-m5vv-6r4h-3vj9 [C:\Users\admin\OneDrive\Desktop\product\Inventory-Status-Report\inventory.sln]
C:\Users\admin\OneDrive\Desktop\product\Inventory-Status-Report\inventory.csproj : warning NU1901: Package 'Microsoft.Identity.Client' 4.56.0 has a known low severity vulnerability, https://github.com/advisories/GHSA-x674-v45j-fwxw [C:\Users\admin\OneDrive\Desktop\product\Inventory-Status-Report\inventory.sln]
  All projects are up-to-date for restore.
C:\Users\admin\OneDrive\Desktop\product\Inventory-Status-Report\inventory.csproj : warning NU1902: Package 'Azure.Identity' 1.10.3 has a known moderate severity vulnerability, https://github.com/advisories/GHSA-m5vv-6r4h-3vj9
C:\Users\admin\OneDrive\Desktop\product\Inventory-Status-Report\inventory.csproj : warning NU1902: Package 'Azure.Identity' 1.10.3 has a known moderate severity vulnerability, https://github.com/advisories/GHSA-wvxc-855f-jvrv
C:\Users\admin\OneDrive\Desktop\product\Inventory-Status-Report\inventory.csproj : warning NU1902: Package 'Microsoft.Identity.Client' 4.56.0 has a known moderate severity vulnerability, https://github.com/advisories/GHSA-m5vv-6r4h-3vj9
C:\Users\admin\OneDrive\Desktop\product\Inventory-Status-Report\inventory.csproj : warning NU1901: Package 'Microsoft.Identity.Client' 4.56.0 has a known low severity vulnerability, https://github.com/advisories/GHSA-x674-v45j-fwxw
C:\Users\admin\OneDrive\Desktop\product\Inventory-Status-Report\InventoryAPI\Program.cs(9,1): error CS8802: Only one compilation unit can have top-level statements. [C:\Users\admin\OneDrive\Desktop\product\Inventory-Status-Report\inventory.csproj]
C:\Users\admin\OneDrive\Desktop\product\Inventory-Status-Report\InventoryAPI\Controllers\AssetHistoryController.cs(11,14): error CS0101: The namespace 'InventoryAPI.Controllers' already contains a definition for 'AssetHistoryController' [C:\Users\admin\OneDrive\Desktop\product\Inventory-Status-Report\inventory.csproj]
C:\Users\admin\OneDrive\Desktop\product\Inventory-Status-Report\InventoryAPI\Controllers\AuthController.cs(12,14): error CS0101: The namespace 'InventoryAPI.Controllers' already contains a definition for 'AuthController' [C:\Users\admin\OneDrive\Desktop\product\Inventory-Status-Report\inventory.csproj]
C:\Users\admin\OneDrive\Desktop\product\Inventory-Status-Report\InventoryAPI\Controllers\InventoryController.cs(14,14): error CS0101: The namespace 'InventoryAPI.Controllers' already contains a definition for 'InventoryController' [C:\Users\admin\OneDrive\Desktop\product\Inventory-Status-Report\inventory.csproj]
C:\Users\admin\OneDrive\Desktop\product\Inventory-Status-Report\InventoryAPI\Controllers\LaptopController.cs(10,18): error CS0101: The namespace 'InventoryAPI.Controllers' already contains a definition for 'LaptopController' [C:\Users\admin\OneDrive\Desktop\product\Inventory-Status-Report\inventory.csproj]
C:\Users\admin\OneDrive\Desktop\product\Inventory-Status-Report\InventoryAPI\Controllers\AssetHistoryController.cs(9,2): error CS0579: Duplicate 'ApiController' attribute [C:\Users\admin\OneDrive\Desktop\product\Inventory-Status-Report\inventory.csproj]
C:\Users\admin\OneDrive\Desktop\product\Inventory-Status-Report\InventoryAPI\Controllers\LaptopController.cs(9,6): error CS0579: Duplicate 'ApiController' attribute [C:\Users\admin\OneDrive\Desktop\product\Inventory-Status-Report\inventory.csproj]
C:\Users\admin\OneDrive\Desktop\product\Inventory-Status-Report\InventoryAPI\Controllers\AuthController.cs(10,2): error CS0579: Duplicate 'ApiController' attribute [C:\Users\admin\OneDrive\Desktop\product\Inventory-Status-Report\inventory.csproj]
C:\Users\admin\OneDrive\Desktop\product\Inventory-Status-Report\InventoryAPI\Controllers\InventoryController.cs(12,2): error CS0579: Duplicate 'ApiController' attribute [C:\Users\admin\OneDrive\Desktop\product\Inventory-Status-Report\inventory.csproj]
C:\Users\admin\OneDrive\Desktop\product\Inventory-Status-Report\InventoryAPI\Controllers\AssetHistoryController.cs(22,38): error CS0111: Type 'AssetHistoryController' already defines a member called 'GetHistory' with the same parameter types [C:\Users\admin\OneDrive\Desktop\product\Inventory-Status-Report\inventory.csproj]
C:\Users\admin\OneDrive\Desktop\product\Inventory-Status-Report\InventoryAPI\Controllers\AssetHistoryController.cs(34,38): error CS0111: Type 'AssetHistoryController' already defines a member called 'AddHistory' with the same parameter types [C:\Users\admin\OneDrive\Desktop\product\Inventory-Status-Report\inventory.csproj]
C:\Users\admin\OneDrive\Desktop\product\Inventory-Status-Report\InventoryAPI\Controllers\LaptopController.cs(21,62): error CS0111: Type 'LaptopController' already defines a member called 'GetLaptops' with the same parameter types [C:\Users\admin\OneDrive\Desktop\product\Inventory-Status-Report\inventory.csproj]
C:\Users\admin\OneDrive\Desktop\product\Inventory-Status-Report\InventoryAPI\Controllers\LaptopController.cs(28,49): error CS0111: Type 'LaptopController' already defines a member called 'AddLaptop' with the same parameter types [C:\Users\admin\OneDrive\Desktop\product\Inventory-Status-Report\inventory.csproj]
C:\Users\admin\OneDrive\Desktop\product\Inventory-Status-Report\InventoryAPI\Controllers\LaptopController.cs(37,42): error CS0111: Type 'LaptopController' already defines a member called 'DeleteLaptop' with the same parameter types [C:\Users\admin\OneDrive\Desktop\product\Inventory-Status-Report\inventory.csproj]
C:\Users\admin\OneDrive\Desktop\product\Inventory-Status-Report\InventoryAPI\Controllers\InventoryController.cs(25,38): error CS0111: Type 'InventoryController' already defines a member called 'GetAll' with the same parameter types [C:\Users\admin\OneDrive\Desktop\product\Inventory-Status-Report\inventory.csproj]
C:\Users\admin\OneDrive\Desktop\product\Inventory-Status-Report\InventoryAPI\Controllers\InventoryController.cs(42,38): error CS0111: Type 'InventoryController' already defines a member called 'Create' with the same parameter types [C:\Users\admin\OneDrive\Desktop\product\Inventory-Status-Report\inventory.csproj]
C:\Users\admin\OneDrive\Desktop\product\Inventory-Status-Report\InventoryAPI\Controllers\InventoryController.cs(72,38): error CS0111: Type 'InventoryController' already defines a member called 'UpdateItem' with the same parameter types [C:\Users\admin\OneDrive\Desktop\product\Inventory-Status-Report\inventory.csproj]
C:\Users\admin\OneDrive\Desktop\product\Inventory-Status-Report\InventoryAPI\Controllers\InventoryController.cs(173,38): error CS0111: Type 'InventoryController' already defines a member called 'RemoveItem' with the same parameter types [C:\Users\admin\OneDrive\Desktop\product\Inventory-Status-Report\inventory.csproj]
C:\Users\admin\OneDrive\Desktop\product\Inventory-Status-Report\InventoryAPI\Controllers\InventoryController.cs(186,38): error CS0111: Type 'InventoryController' already defines a member called 'ExportToExcel' with the same parameter types [C:\Users\admin\OneDrive\Desktop\product\Inventory-Status-Report\inventory.csproj]
C:\Users\admin\OneDrive\Desktop\product\Inventory-Status-Report\InventoryAPI\Controllers\AuthController.cs(24,38): error CS0111: Type 'AuthController' already defines a member called 'Register' with the same parameter types [C:\Users\admin\OneDrive\Desktop\product\Inventory-Status-Report\inventory.csproj]
C:\Users\admin\OneDrive\Desktop\product\Inventory-Status-Report\InventoryAPI\Controllers\AuthController.cs(48,38): error CS0111: Type 'AuthController' already defines a member called 'GetEmployee' with the same parameter types [C:\Users\admin\OneDrive\Desktop\product\Inventory-Status-Report\inventory.csproj]
C:\Users\admin\OneDrive\Desktop\product\Inventory-Status-Report\InventoryAPI\Controllers\AuthController.cs(60,38): error CS0111: Type 'AuthController' already defines a member called 'Login' with the same parameter types [C:\Users\admin\OneDrive\Desktop\product\Inventory-Status-Report\inventory.csproj]
C:\Users\admin\OneDrive\Desktop\product\Inventory-Status-Report\InventoryAPI\Controllers\AuthController.cs(75,38): error CS0111: Type 'AuthController' already defines a member called 'GetUsers' with the same parameter types [C:\Users\admin\OneDrive\Desktop\product\Inventory-Status-Report\inventory.csproj]

Build FAILED.

C:\Users\admin\OneDrive\Desktop\product\Inventory-Status-Report\inventory.csproj : warning NU1902: Package 'Azure.Identity' 1.10.3 has a known moderate severity vulnerability, https://github.com/advisories/GHSA-m5vv-6r4h-3vj9 [C:\Users\admin\OneDrive\Desktop\product\Inventory-Status-Report\inventory.sln]
C:\Users\admin\OneDrive\Desktop\product\Inventory-Status-Report\inventory.csproj : warning NU1902: Package 'Azure.Identity' 1.10.3 has a known moderate severity vulnerability, https://github.com/advisories/GHSA-wvxc-855f-jvrv [C:\Users\admin\OneDrive\Desktop\product\Inventory-Status-Report\inventory.sln]
C:\Users\admin\OneDrive\Desktop\product\Inventory-Status-Report\inventory.csproj : warning NU1902: Package 'Microsoft.Identity.Client' 4.56.0 has a known moderate severity vulnerability, https://github.com/advisories/GHSA-m5vv-6r4h-3vj9 [C:\Users\admin\OneDrive\Desktop\product\Inventory-Status-Report\inventory.sln]
C:\Users\admin\OneDrive\Desktop\product\Inventory-Status-Report\inventory.csproj : warning NU1901: Package 'Microsoft.Identity.Client' 4.56.0 has a known low severity vulnerability, https://github.com/advisories/GHSA-x674-v45j-fwxw [C:\Users\admin\OneDrive\Desktop\product\Inventory-Status-Report\inventory.sln]
C:\Users\admin\OneDrive\Desktop\product\Inventory-Status-Report\inventory.csproj : warning NU1902: Package 'Azure.Identity' 1.10.3 has a known moderate severity vulnerability, https://github.com/advisories/GHSA-m5vv-6r4h-3vj9
C:\Users\admin\OneDrive\Desktop\product\Inventory-Status-Report\inventory.csproj : warning NU1902: Package 'Azure.Identity' 1.10.3 has a known moderate severity vulnerability, https://github.com/advisories/GHSA-wvxc-855f-jvrv
C:\Users\admin\OneDrive\Desktop\product\Inventory-Status-Report\inventory.csproj : warning NU1902: Package 'Microsoft.Identity.Client' 4.56.0 has a known moderate severity vulnerability, https://github.com/advisories/GHSA-m5vv-6r4h-3vj9
C:\Users\admin\OneDrive\Desktop\product\Inventory-Status-Report\inventory.csproj : warning NU1901: Package 'Microsoft.Identity.Client' 4.56.0 has a known low severity vulnerability, https://github.com/advisories/GHSA-x674-v45j-fwxw
C:\Users\admin\OneDrive\Desktop\product\Inventory-Status-Report\InventoryAPI\Program.cs(9,1): error CS8802: Only one compilation unit can have top-level statements. [C:\Users\admin\OneDrive\Desktop\product\Inventory-Status-Report\inventory.csproj]
C:\Users\admin\OneDrive\Desktop\product\Inventory-Status-Report\InventoryAPI\Controllers\AssetHistoryController.cs(11,14): error CS0101: The namespace 'InventoryAPI.Controllers' already contains a definition for 'AssetHistoryController' [C:\Users\admin\OneDrive\Desktop\product\Inventory-Status-Report\inventory.csproj]
C:\Users\admin\OneDrive\Desktop\product\Inventory-Status-Report\InventoryAPI\Controllers\AuthController.cs(12,14): error CS0101: The namespace 'InventoryAPI.Controllers' already contains a definition for 'AuthController' [C:\Users\admin\OneDrive\Desktop\product\Inventory-Status-Report\inventory.csproj]
C:\Users\admin\OneDrive\Desktop\product\Inventory-Status-Report\InventoryAPI\Controllers\InventoryController.cs(14,14): error CS0101: The namespace 'InventoryAPI.Controllers' already contains a definition for 'InventoryController' [C:\Users\admin\OneDrive\Desktop\product\Inventory-Status-Report\inventory.csproj]
C:\Users\admin\OneDrive\Desktop\product\Inventory-Status-Report\InventoryAPI\Controllers\LaptopController.cs(10,18): error CS0101: The namespace 'InventoryAPI.Controllers' already contains a definition for 'LaptopController' [C:\Users\admin\OneDrive\Desktop\product\Inventory-Status-Report\inventory.csproj]
C:\Users\admin\OneDrive\Desktop\product\Inventory-Status-Report\InventoryAPI\Controllers\AssetHistoryController.cs(9,2): error CS0579: Duplicate 'ApiController' attribute [C:\Users\admin\OneDrive\Desktop\product\Inventory-Status-Report\inventory.csproj]
C:\Users\admin\OneDrive\Desktop\product\Inventory-Status-Report\InventoryAPI\Controllers\LaptopController.cs(9,6): error CS0579: Duplicate 'ApiController' attribute [C:\Users\admin\OneDrive\Desktop\product\Inventory-Status-Report\inventory.csproj]
C:\Users\admin\OneDrive\Desktop\product\Inventory-Status-Report\InventoryAPI\Controllers\AuthController.cs(10,2): error CS0579: Duplicate 'ApiController' attribute [C:\Users\admin\OneDrive\Desktop\product\Inventory-Status-Report\inventory.csproj]
C:\Users\admin\OneDrive\Desktop\product\Inventory-Status-Report\InventoryAPI\Controllers\InventoryController.cs(12,2): error CS0579: Duplicate 'ApiController' attribute [C:\Users\admin\OneDrive\Desktop\product\Inventory-Status-Report\inventory.csproj]
C:\Users\admin\OneDrive\Desktop\product\Inventory-Status-Report\InventoryAPI\Controllers\AssetHistoryController.cs(22,38): error CS0111: Type 'AssetHistoryController' already defines a member called 'GetHistory' with the same parameter types [C:\Users\admin\OneDrive\Desktop\product\Inventory-Status-Report\inventory.csproj]
C:\Users\admin\OneDrive\Desktop\product\Inventory-Status-Report\InventoryAPI\Controllers\AssetHistoryController.cs(34,38): error CS0111: Type 'AssetHistoryController' already defines a member called 'AddHistory' with the same parameter types [C:\Users\admin\OneDrive\Desktop\product\Inventory-Status-Report\inventory.csproj]
C:\Users\admin\OneDrive\Desktop\product\Inventory-Status-Report\InventoryAPI\Controllers\LaptopController.cs(21,62): error CS0111: Type 'LaptopController' already defines a member called 'GetLaptops' with the same parameter types [C:\Users\admin\OneDrive\Desktop\product\Inventory-Status-Report\inventory.csproj]
C:\Users\admin\OneDrive\Desktop\product\Inventory-Status-Report\InventoryAPI\Controllers\LaptopController.cs(28,49): error CS0111: Type 'LaptopController' already defines a member called 'AddLaptop' with the same parameter types [C:\Users\admin\OneDrive\Desktop\product\Inventory-Status-Report\inventory.csproj]
C:\Users\admin\OneDrive\Desktop\product\Inventory-Status-Report\InventoryAPI\Controllers\LaptopController.cs(37,42): error CS0111: Type 'LaptopController' already defines a member called 'DeleteLaptop' with the same parameter types [C:\Users\admin\OneDrive\Desktop\product\Inventory-Status-Report\inventory.csproj]
C:\Users\admin\OneDrive\Desktop\product\Inventory-Status-Report\InventoryAPI\Controllers\InventoryController.cs(25,38): error CS0111: Type 'InventoryController' already defines a member called 'GetAll' with the same parameter types [C:\Users\admin\OneDrive\Desktop\product\Inventory-Status-Report\inventory.csproj]
C:\Users\admin\OneDrive\Desktop\product\Inventory-Status-Report\InventoryAPI\Controllers\InventoryController.cs(42,38): error CS0111: Type 'InventoryController' already defines a member called 'Create' with the same parameter types [C:\Users\admin\OneDrive\Desktop\product\Inventory-Status-Report\inventory.csproj]
C:\Users\admin\OneDrive\Desktop\product\Inventory-Status-Report\InventoryAPI\Controllers\InventoryController.cs(72,38): error CS0111: Type 'InventoryController' already defines a member called 'UpdateItem' with the same parameter types [C:\Users\admin\OneDrive\Desktop\product\Inventory-Status-Report\inventory.csproj]
C:\Users\admin\OneDrive\Desktop\product\Inventory-Status-Report\InventoryAPI\Controllers\InventoryController.cs(173,38): error CS0111: Type 'InventoryController' already defines a member called 'RemoveItem' with the same parameter types [C:\Users\admin\OneDrive\Desktop\product\Inventory-Status-Report\inventory.csproj]
C:\Users\admin\OneDrive\Desktop\product\Inventory-Status-Report\InventoryAPI\Controllers\InventoryController.cs(186,38): error CS0111: Type 'InventoryController' already defines a member called 'ExportToExcel' with the same parameter types [C:\Users\admin\OneDrive\Desktop\product\Inventory-Status-Report\inventory.csproj]
C:\Users\admin\OneDrive\Desktop\product\Inventory-Status-Report\InventoryAPI\Controllers\AuthController.cs(24,38): error CS0111: Type 'AuthController' already defines a member called 'Register' with the same parameter types [C:\Users\admin\OneDrive\Desktop\product\Inventory-Status-Report\inventory.csproj]
C:\Users\admin\OneDrive\Desktop\product\Inventory-Status-Report\InventoryAPI\Controllers\AuthController.cs(48,38): error CS0111: Type 'AuthController' already defines a member called 'GetEmployee' with the same parameter types [C:\Users\admin\OneDrive\Desktop\product\Inventory-Status-Report\inventory.csproj]
C:\Users\admin\OneDrive\Desktop\product\Inventory-Status-Report\InventoryAPI\Controllers\AuthController.cs(60,38): error CS0111: Type 'AuthController' already defines a member called 'Login' with the same parameter types [C:\Users\admin\OneDrive\Desktop\product\Inventory-Status-Report\inventory.csproj]
C:\Users\admin\OneDrive\Desktop\product\Inventory-Status-Report\InventoryAPI\Controllers\AuthController.cs(75,38): error CS0111: Type 'AuthController' already defines a member called 'GetUsers' with the same parameter types [C:\Users\admin\OneDrive\Desktop\product\Inventory-Status-Report\inventory.csproj]
    8 Warning(s)
    23 Error(s)

Time Elapsed 00:00:01.32
